{
  "metadata": {
    "tokenizer_source": "synthetic_tiny_oat",
    "checkpoint": null,
    "latent_horizon": 8,
    "quick_fit_steps": 200,
    "device": "cpu",
    "eval_samples": 32,
    "horizon": 32,
    "action_dim": 7,
    "available_depths": [
      4
    ],
    "adaptive_low_threshold": 0.01,
    "adaptive_high_threshold": 0.08
  },
  "results": [
    {
      "selected_k": [
        4,
        4,
        4,
        4,
        4,
        4,
        4,
        4,
        4,
        4,
        4,
        4,
        4,
        4,
        4,
        4,
        4,
        4,
        4,
        4,
        4,
        4,
        4,
        4,
        4,
        4,
        4,
        4,
        4,
        4,
        4,
        4
      ],
      "avg_k": 4.0,
      "avg_token_count": 4.0,
      "reconstruction_mse": 0.12802410125732422,
      "reconstruction_mse_per_sample": [
        0.08056395500898361,
        0.08681238442659378,
        0.09718888998031616,
        0.1765957772731781,
        0.08333329111337662,
        0.17851795256137848,
        0.11983756721019745,
        0.1700344830751419,
        0.08385314792394638,
        0.20518341660499573,
        0.1204899325966835,
        0.1479131430387497,
        0.07632105052471161,
        0.14731347560882568,
        0.1445421278476715,
        0.15041635930538177,
        0.1318831592798233,
        0.1870194524526596,
        0.053010012954473495,
        0.15596309304237366,
        0.09896887093782425,
        0.11328012496232986,
        0.08740567415952682,
        0.15015776455402374,
        0.12341169267892838,
        0.1423439085483551,
        0.10547155886888504,
        0.13882555067539215,
        0.1136913150548935,
        0.19392170011997223,
        0.08650262653827667,
        0.14599788188934326
      ],
      "runtime_sec": 0.013713297999856877,
      "runtime_per_sample_sec": 0.0004285405624955274,
      "name": "fixed_k_4",
      "mode": "fixed"
    },
    {
      "selected_k": [
        4,
        4,
        4,
        4,
        4,
        4,
        4,
        4,
        4,
        4,
        4,
        4,
        4,
        4,
        4,
        4,
        4,
        4,
        4,
        4,
        4,
        4,
        4,
        4,
        4,
        4,
        4,
        4,
        4,
        4,
        4,
        4
      ],
      "avg_k": 4.0,
      "avg_token_count": 4.0,
      "reconstruction_mse": 0.12802410125732422,
      "reconstruction_mse_per_sample": [
        0.08056395500898361,
        0.08681238442659378,
        0.09718888998031616,
        0.1765957772731781,
        0.08333329111337662,
        0.17851795256137848,
        0.11983756721019745,
        0.1700344830751419,
        0.08385314792394638,
        0.20518341660499573,
        0.1204899325966835,
        0.1479131430387497,
        0.07632105052471161,
        0.14731347560882568,
        0.1445421278476715,
        0.15041635930538177,
        0.1318831592798233,
        0.1870194524526596,
        0.053010012954473495,
        0.15596309304237366,
        0.09896887093782425,
        0.11328012496232986,
        0.08740567415952682,
        0.15015776455402374,
        0.12341169267892838,
        0.1423439085483551,
        0.10547155886888504,
        0.13882555067539215,
        0.1136913150548935,
        0.19392170011997223,
        0.08650262653827667,
        0.14599788188934326
      ],
      "runtime_sec": 0.013206799998442875,
      "runtime_per_sample_sec": 0.00041271249995133985,
      "complexity": [
        0.002100028796121478,
        0.046563711017370224,
        0.02225325256586075,
        0.05884610861539841,
        0.009677039459347725,
        0.07904450595378876,
        0.0030555741395801306,
        0.06527741253376007,
        0.019525589421391487,
        0.05262771621346474,
        0.012072973884642124,
        0.07576052099466324,
        0.0030062622390687466,
        0.05457242205739021,
        0.029495535418391228,
        0.05545015260577202,
        0.013578301295638084,
        0.08037911355495453,
        0.0018758809892460704,
        0.062196437269449234,
        0.020644411444664,
        0.03915868327021599,
        0.008681281469762325,
        0.07401063293218613,
        0.0024748400319367647,
        0.06305921077728271,
        0.021237127482891083,
        0.04785021394491196,
        0.010259104892611504,
        0.07950778305530548,
        0.002260861685499549,
        0.061023905873298645
      ],
      "name": "adaptive_k",
      "mode": "adaptive",
      "adaptive_thresholds": []
    }
  ]
}
