{
  "metadata": {
    "tokenizer_source": "synthetic_tiny_oat",
    "checkpoint": null,
    "latent_horizon": 8,
    "quick_fit_steps": 200,
    "device": "cpu",
    "eval_samples": 32,
    "horizon": 32,
    "action_dim": 7,
    "available_depths": [
      1
    ],
    "adaptive_low_threshold": 0.01,
    "adaptive_high_threshold": 0.08
  },
  "results": [
    {
      "selected_k": [
        1,
        1,
        1,
        1,
        1,
        1,
        1,
        1,
        1,
        1,
        1,
        1,
        1,
        1,
        1,
        1,
        1,
        1,
        1,
        1,
        1,
        1,
        1,
        1,
        1,
        1,
        1,
        1,
        1,
        1,
        1,
        1
      ],
      "avg_k": 1.0,
      "avg_token_count": 1.0,
      "reconstruction_mse": 0.12815403938293457,
      "reconstruction_mse_per_sample": [
        0.0816316083073616,
        0.09363771229982376,
        0.09423073381185532,
        0.1774452179670334,
        0.09043435752391815,
        0.17469048500061035,
        0.11933009326457977,
        0.17208196222782135,
        0.07892590761184692,
        0.20842954516410828,
        0.12619279325008392,
        0.143838033080101,
        0.07218850404024124,
        0.14817561209201813,
        0.1436982899904251,
        0.14981508255004883,
        0.13640721142292023,
        0.18295828998088837,
        0.05175211280584335,
        0.15973195433616638,
        0.09688840806484222,
        0.11205200105905533,
        0.08831793069839478,
        0.14902596175670624,
        0.12496665865182877,
        0.14622870087623596,
        0.10233648866415024,
        0.13812120258808136,
        0.11328708380460739,
        0.19054412841796875,
        0.08829127252101898,
        0.14527417719364166
      ],
      "runtime_sec": 0.014283258000432397,
      "runtime_per_sample_sec": 0.0004463518125135124,
      "name": "fixed_k_1",
      "mode": "fixed"
    },
    {
      "selected_k": [
        1,
        1,
        1,
        1,
        1,
        1,
        1,
        1,
        1,
        1,
        1,
        1,
        1,
        1,
        1,
        1,
        1,
        1,
        1,
        1,
        1,
        1,
        1,
        1,
        1,
        1,
        1,
        1,
        1,
        1,
        1,
        1
      ],
      "avg_k": 1.0,
      "avg_token_count": 1.0,
      "reconstruction_mse": 0.12815403938293457,
      "reconstruction_mse_per_sample": [
        0.0816316083073616,
        0.09363771229982376,
        0.09423073381185532,
        0.1774452179670334,
        0.09043435752391815,
        0.17469048500061035,
        0.11933009326457977,
        0.17208196222782135,
        0.07892590761184692,
        0.20842954516410828,
        0.12619279325008392,
        0.143838033080101,
        0.07218850404024124,
        0.14817561209201813,
        0.1436982899904251,
        0.14981508255004883,
        0.13640721142292023,
        0.18295828998088837,
        0.05175211280584335,
        0.15973195433616638,
        0.09688840806484222,
        0.11205200105905533,
        0.08831793069839478,
        0.14902596175670624,
        0.12496665865182877,
        0.14622870087623596,
        0.10233648866415024,
        0.13812120258808136,
        0.11328708380460739,
        0.19054412841796875,
        0.08829127252101898,
        0.14527417719364166
      ],
      "runtime_sec": 0.01338641800066398,
      "runtime_per_sample_sec": 0.00041832556252074937,
      "complexity": [
        0.002100028796121478,
        0.046563711017370224,
        0.02225325256586075,
        0.05884610861539841,
        0.009677039459347725,
        0.07904450595378876,
        0.0030555741395801306,
        0.06527741253376007,
        0.019525589421391487,
        0.05262771621346474,
        0.012072973884642124,
        0.07576052099466324,
        0.0030062622390687466,
        0.05457242205739021,
        0.029495535418391228,
        0.05545015260577202,
        0.013578301295638084,
        0.08037911355495453,
        0.0018758809892460704,
        0.062196437269449234,
        0.020644411444664,
        0.03915868327021599,
        0.008681281469762325,
        0.07401063293218613,
        0.0024748400319367647,
        0.06305921077728271,
        0.021237127482891083,
        0.04785021394491196,
        0.010259104892611504,
        0.07950778305530548,
        0.002260861685499549,
        0.061023905873298645
      ],
      "name": "adaptive_k",
      "mode": "adaptive",
      "adaptive_thresholds": []
    }
  ]
}
