{
  "metadata": {
    "tokenizer_source": "synthetic_tiny_oat",
    "checkpoint": null,
    "latent_horizon": 8,
    "quick_fit_steps": 200,
    "device": "cpu",
    "eval_samples": 32,
    "horizon": 32,
    "action_dim": 7,
    "available_depths": [
      8
    ],
    "adaptive_low_threshold": 0.01,
    "adaptive_high_threshold": 0.08
  },
  "results": [
    {
      "selected_k": [
        8,
        8,
        8,
        8,
        8,
        8,
        8,
        8,
        8,
        8,
        8,
        8,
        8,
        8,
        8,
        8,
        8,
        8,
        8,
        8,
        8,
        8,
        8,
        8,
        8,
        8,
        8,
        8,
        8,
        8,
        8,
        8
      ],
      "avg_k": 8.0,
      "avg_token_count": 8.0,
      "reconstruction_mse": 0.1292342245578766,
      "reconstruction_mse_per_sample": [
        0.0817493423819542,
        0.08687836676836014,
        0.10120157152414322,
        0.17634840309619904,
        0.08310898393392563,
        0.1809389591217041,
        0.12183324247598648,
        0.1676039844751358,
        0.08712201565504074,
        0.20555579662322998,
        0.12055979669094086,
        0.1513696014881134,
        0.07771458476781845,
        0.14539667963981628,
        0.14865170419216156,
        0.15158841013908386,
        0.13240179419517517,
        0.1895398646593094,
        0.05475291609764099,
        0.1558409482240677,
        0.10244102030992508,
        0.11438672244548798,
        0.08745603263378143,
        0.1539653241634369,
        0.124017134308815,
        0.14246274530887604,
        0.10998217016458511,
        0.13959267735481262,
        0.11383993923664093,
        0.19655802845954895,
        0.08644628524780273,
        0.1441899836063385
      ],
      "runtime_sec": 0.01428252899859217,
      "runtime_per_sample_sec": 0.0004463290312060053,
      "name": "fixed_k_8",
      "mode": "fixed"
    },
    {
      "selected_k": [
        8,
        8,
        8,
        8,
        8,
        8,
        8,
        8,
        8,
        8,
        8,
        8,
        8,
        8,
        8,
        8,
        8,
        8,
        8,
        8,
        8,
        8,
        8,
        8,
        8,
        8,
        8,
        8,
        8,
        8,
        8,
        8
      ],
      "avg_k": 8.0,
      "avg_token_count": 8.0,
      "reconstruction_mse": 0.1292342245578766,
      "reconstruction_mse_per_sample": [
        0.0817493423819542,
        0.08687836676836014,
        0.10120157152414322,
        0.17634840309619904,
        0.08310898393392563,
        0.1809389591217041,
        0.12183324247598648,
        0.1676039844751358,
        0.08712201565504074,
        0.20555579662322998,
        0.12055979669094086,
        0.1513696014881134,
        0.07771458476781845,
        0.14539667963981628,
        0.14865170419216156,
        0.15158841013908386,
        0.13240179419517517,
        0.1895398646593094,
        0.05475291609764099,
        0.1558409482240677,
        0.10244102030992508,
        0.11438672244548798,
        0.08745603263378143,
        0.1539653241634369,
        0.124017134308815,
        0.14246274530887604,
        0.10998217016458511,
        0.13959267735481262,
        0.11383993923664093,
        0.19655802845954895,
        0.08644628524780273,
        0.1441899836063385
      ],
      "runtime_sec": 0.013494029000867158,
      "runtime_per_sample_sec": 0.0004216884062770987,
      "complexity": [
        0.002100028796121478,
        0.046563711017370224,
        0.02225325256586075,
        0.05884610861539841,
        0.009677039459347725,
        0.07904450595378876,
        0.0030555741395801306,
        0.06527741253376007,
        0.019525589421391487,
        0.05262771621346474,
        0.012072973884642124,
        0.07576052099466324,
        0.0030062622390687466,
        0.05457242205739021,
        0.029495535418391228,
        0.05545015260577202,
        0.013578301295638084,
        0.08037911355495453,
        0.0018758809892460704,
        0.062196437269449234,
        0.020644411444664,
        0.03915868327021599,
        0.008681281469762325,
        0.07401063293218613,
        0.0024748400319367647,
        0.06305921077728271,
        0.021237127482891083,
        0.04785021394491196,
        0.010259104892611504,
        0.07950778305530548,
        0.002260861685499549,
        0.061023905873298645
      ],
      "name": "adaptive_k",
      "mode": "adaptive",
      "adaptive_thresholds": []
    }
  ]
}
