{
  "metadata": {
    "tokenizer_source": "synthetic_tiny_oat",
    "checkpoint": null,
    "latent_horizon": 8,
    "quick_fit_steps": 200,
    "device": "cpu",
    "eval_samples": 32,
    "horizon": 32,
    "action_dim": 7,
    "available_depths": [
      2
    ],
    "adaptive_low_threshold": 0.01,
    "adaptive_high_threshold": 0.08
  },
  "results": [
    {
      "selected_k": [
        2,
        2,
        2,
        2,
        2,
        2,
        2,
        2,
        2,
        2,
        2,
        2,
        2,
        2,
        2,
        2,
        2,
        2,
        2,
        2,
        2,
        2,
        2,
        2,
        2,
        2,
        2,
        2,
        2,
        2,
        2,
        2
      ],
      "avg_k": 2.0,
      "avg_token_count": 2.0,
      "reconstruction_mse": 0.12627944350242615,
      "reconstruction_mse_per_sample": [
        0.08038128167390823,
        0.0867038145661354,
        0.09368866682052612,
        0.17647646367549896,
        0.08252733200788498,
        0.17561013996601105,
        0.1181321069598198,
        0.16882666945457458,
        0.08055957406759262,
        0.20498205721378326,
        0.11908437311649323,
        0.14483094215393066,
        0.07212909311056137,
        0.14556291699409485,
        0.14388886094093323,
        0.14815248548984528,
        0.13002747297286987,
        0.18333235383033752,
        0.05078532546758652,
        0.1547936201095581,
        0.09661822766065598,
        0.1115337535738945,
        0.08524177968502045,
        0.1494731605052948,
        0.12363695353269577,
        0.1413838416337967,
        0.10261959582567215,
        0.13810446858406067,
        0.11127203702926636,
        0.1916007250547409,
        0.08544797450304031,
        0.14353421330451965
      ],
      "runtime_sec": 0.013704512999538565,
      "runtime_per_sample_sec": 0.00042826603123558016,
      "name": "fixed_k_2",
      "mode": "fixed"
    },
    {
      "selected_k": [
        2,
        2,
        2,
        2,
        2,
        2,
        2,
        2,
        2,
        2,
        2,
        2,
        2,
        2,
        2,
        2,
        2,
        2,
        2,
        2,
        2,
        2,
        2,
        2,
        2,
        2,
        2,
        2,
        2,
        2,
        2,
        2
      ],
      "avg_k": 2.0,
      "avg_token_count": 2.0,
      "reconstruction_mse": 0.12627944350242615,
      "reconstruction_mse_per_sample": [
        0.08038128167390823,
        0.0867038145661354,
        0.09368866682052612,
        0.17647646367549896,
        0.08252733200788498,
        0.17561013996601105,
        0.1181321069598198,
        0.16882666945457458,
        0.08055957406759262,
        0.20498205721378326,
        0.11908437311649323,
        0.14483094215393066,
        0.07212909311056137,
        0.14556291699409485,
        0.14388886094093323,
        0.14815248548984528,
        0.13002747297286987,
        0.18333235383033752,
        0.05078532546758652,
        0.1547936201095581,
        0.09661822766065598,
        0.1115337535738945,
        0.08524177968502045,
        0.1494731605052948,
        0.12363695353269577,
        0.1413838416337967,
        0.10261959582567215,
        0.13810446858406067,
        0.11127203702926636,
        0.1916007250547409,
        0.08544797450304031,
        0.14353421330451965
      ],
      "runtime_sec": 0.013189487001000089,
      "runtime_per_sample_sec": 0.00041217146878125277,
      "complexity": [
        0.002100028796121478,
        0.046563711017370224,
        0.02225325256586075,
        0.05884610861539841,
        0.009677039459347725,
        0.07904450595378876,
        0.0030555741395801306,
        0.06527741253376007,
        0.019525589421391487,
        0.05262771621346474,
        0.012072973884642124,
        0.07576052099466324,
        0.0030062622390687466,
        0.05457242205739021,
        0.029495535418391228,
        0.05545015260577202,
        0.013578301295638084,
        0.08037911355495453,
        0.0018758809892460704,
        0.062196437269449234,
        0.020644411444664,
        0.03915868327021599,
        0.008681281469762325,
        0.07401063293218613,
        0.0024748400319367647,
        0.06305921077728271,
        0.021237127482891083,
        0.04785021394491196,
        0.010259104892611504,
        0.07950778305530548,
        0.002260861685499549,
        0.061023905873298645
      ],
      "name": "adaptive_k",
      "mode": "adaptive",
      "adaptive_thresholds": []
    }
  ]
}
